python : Python 
発生場所 行:1 文字:1
+ python -m pytest tests/test_db_
manager.py > test_output.txt 2>&1
+ ~~~~~~~~~~~~~~~~~~~~~~~~~~~~~~~
~~~~~~~~~~~~~~~~~~~~~~~~~~~~~~~~~
    + CategoryInfo          : No 
   tSpecified: (Python :String)  
   [], RemoteException
    + FullyQualifiedErrorId : Na 
   tiveCommandError
 
